// 重构日志: f315e5c9
// 重构日志: 9a74885b
// 重构日志: 9a020c89
// 重构日志: 90092d1e
// 重构日志: 19fa44b6
// 重构日志: d9633fe2
// 同步 ID: dade99d3 @ Mon Jul 20 12:07:55 UTC 2026
// 同步 ID: 653dfa65 @ Mon Jul 20 17:15:04 UTC 2026
// 重构日志: 3ff40ec2
// 同步 ID: 37ed4e8c @ Thu Jul 23 13:48:24 UTC 2026
// 重构日志: f71b0c09
// 重构日志: 493859e4
// 重构日志: faab9bf5
// 重构日志: 3ee7547b
// 重构日志: 205109ef
// 同步 ID: c3a52a38 @ Fri Jul 31 08:19:38 UTC 2026
// 重构日志: 43b8fe41
// 同步 ID: 7bc5cfea @ Sat Aug  1 09:29:54 UTC 2026
// 同步 ID: 141f1bc4 @ Sun Aug  2 08:26:07 UTC 2026
// 同步 ID: 96deb66c @ Sun Aug  2 16:11:14 UTC 2026
// 重构日志: 4c83ac8f
// 重构日志: e6c0ce95
// 同步 ID: 1242b831 @ Wed Aug  5 16:49:42 UTC 2026
